apples                              4.98
  1.99 * 2.500
10.0% off(apples)                  -0.50

Total:                              4.48