toothbrush                          4.95
  0.99 * 5
2 for 1.49(toothbrush)             -0.98

Total:                              3.97